[transformers] `torch_dtype` is deprecated! Use `dtype` instead!

Loading weights:   0%|          | 0/426 [00:00<?, ?it/s]
Loading weights: 100%|██████████| 426/426 [00:00<00:00, 19615.26it/s]
[transformers] The tokenizer has new PAD/BOS/EOS tokens that differ from the model config and generation config. The model config and generation config were aligned accordingly, being updated with the tokenizer's values. Updated tokens: {'eos_token_id': 248046, 'pad_token_id': 248044}.
trainable params: 21,233,664 || all params: 4,226,984,960 || trainable%: 0.5023

  0%|          | 0/114 [00:00<?, ?it/s]
  1%|          | 1/114 [00:14<27:38, 14.68s/it]
  2%|▏         | 2/114 [00:28<26:25, 14.16s/it]
  3%|▎         | 3/114 [00:42<26:12, 14.17s/it]
  4%|▎         | 4/114 [00:57<26:18, 14.35s/it]
  4%|▍         | 5/114 [01:11<25:58, 14.29s/it]
  5%|▌         | 6/114 [01:25<25:29, 14.16s/it]
  6%|▌         | 7/114 [01:40<25:33, 14.33s/it]
  7%|▋         | 8/114 [01:54<25:27, 14.41s/it]
  8%|▊         | 9/114 [02:09<25:17, 14.45s/it]
  9%|▉         | 10/114 [02:23<25:01, 14.44s/it]
                                                

  9%|▉         | 10/114 [02:23<25:01, 14.44s/it]
 10%|▉         | 11/114 [02:37<24:44, 14.41s/it]
 11%|█         | 12/114 [02:51<24:13, 14.25s/it]
 11%|█▏        | 13/114 [03:06<23:58, 14.24s/it]
 12%|█▏        | 14/114 [03:20<24:00, 14.40s/it]
 13%|█▎        | 15/114 [03:35<23:54, 14.49s/it]
 14%|█▍        | 16/114 [03:49<23:27, 14.36s/it]
 15%|█▍        | 17/114 [04:04<23:25, 14.49s/it]
 16%|█▌        | 18/114 [04:18<22:53, 14.31s/it]
 17%|█▋        | 19/114 [04:32<22:38, 14.30s/it]
 18%|█▊        | 20/114 [04:47<22:48, 14.56s/it]
                                                

 18%|█▊        | 20/114 [04:47<22:48, 14.56s/it]
 18%|█▊        | 21/114 [05:02<22:29, 14.51s/it]
 19%|█▉        | 22/114 [05:16<22:00, 14.35s/it]
 20%|██        | 23/114 [05:30<21:42, 14.31s/it]
 21%|██        | 24/114 [05:44<21:30, 14.33s/it]
 22%|██▏       | 25/114 [05:59<21:18, 14.37s/it]
 23%|██▎       | 26/114 [06:13<21:00, 14.32s/it]
 24%|██▎       | 27/114 [06:27<20:40, 14.26s/it]
 25%|██▍       | 28/114 [06:41<20:16, 14.14s/it]
 25%|██▌       | 29/114 [06:55<20:11, 14.26s/it]
 26%|██▋       | 30/114 [07:10<19:56, 14.24s/it]
                                                

 26%|██▋       | 30/114 [07:10<19:56, 14.24s/it]
 27%|██▋       | 31/114 [07:24<19:42, 14.25s/it]
 28%|██▊       | 32/114 [07:38<19:39, 14.38s/it]
 29%|██▉       | 33/114 [07:53<19:20, 14.32s/it]
 30%|██▉       | 34/114 [08:08<19:19, 14.49s/it]
 31%|███       | 35/114 [08:22<18:56, 14.38s/it]
 32%|███▏      | 36/114 [08:36<18:38, 14.34s/it]
 32%|███▏      | 37/114 [08:50<18:19, 14.28s/it]
 33%|███▎      | 38/114 [09:04<18:04, 14.27s/it]
 34%|███▍      | 39/114 [09:18<17:47, 14.24s/it]
 35%|███▌      | 40/114 [09:34<17:57, 14.56s/it]
                                                

 35%|███▌      | 40/114 [09:34<17:57, 14.56s/it]
 36%|███▌      | 41/114 [09:49<17:49, 14.64s/it]
 37%|███▋      | 42/114 [10:03<17:23, 14.49s/it]
 38%|███▊      | 43/114 [10:17<17:02, 14.41s/it]
 39%|███▊      | 44/114 [10:32<17:02, 14.61s/it]
 39%|███▉      | 45/114 [10:46<16:38, 14.46s/it]
 40%|████      | 46/114 [11:01<16:31, 14.59s/it]
 41%|████      | 47/114 [11:16<16:20, 14.64s/it]
 42%|████▏     | 48/114 [11:30<15:55, 14.48s/it]
 43%|████▎     | 49/114 [11:44<15:42, 14.50s/it]
 44%|████▍     | 50/114 [11:59<15:19, 14.37s/it]
                                                

 44%|████▍     | 50/114 [11:59<15:19, 14.37s/it]{'loss': '32.13', 'grad_norm': '124.9', 'learning_rate': '4.952e-05', 'epoch': '0.1762'}
{'loss': '21.81', 'grad_norm': '205.7', 'learning_rate': '4.721e-05', 'epoch': '0.3524'}
{'loss': '20.31', 'grad_norm': '114.8', 'learning_rate': '4.317e-05', 'epoch': '0.5286'}
{'loss': '19.85', 'grad_norm': '156.9', 'learning_rate': '3.77e-05', 'epoch': '0.7048'}
{'loss': '17', 'grad_norm': '140.5', 'learning_rate': '3.124e-05', 'epoch': '0.8811'}


  0%|          | 0/95 [00:00<?, ?it/s][A

  2%|▏         | 2/95 [00:00<00:05, 16.79it/s][A

  4%|▍         | 4/95 [00:00<00:09,  9.85it/s][A

  6%|▋         | 6/95 [00:00<00:10,  8.67it/s][A

  7%|▋         | 7/95 [00:00<00:13,  6.72it/s][A

  8%|▊         | 8/95 [00:01<00:13,  6.31it/s][A

  9%|▉         | 9/95 [00:01<00:12,  6.72it/s][A

 11%|█         | 10/95 [00:01<00:12,  6.95it/s][A

 12%|█▏        | 11/95 [00:01<00:11,  7.22it/s][A

 13%|█▎        | 12/95 [00:01<00:11,  7.24it/s][A

 14%|█▎        | 13/95 [00:01<00:11,  7.35it/s][A

 15%|█▍        | 14/95 [00:01<00:11,  7.10it/s][A

 16%|█▌        | 15/95 [00:02<00:11,  7.15it/s][A

 17%|█▋        | 16/95 [00:02<00:10,  7.32it/s][A

 18%|█▊        | 17/95 [00:02<00:10,  7.45it/s][A

 19%|█▉        | 18/95 [00:02<00:10,  7.17it/s][A

 20%|██        | 19/95 [00:02<00:10,  7.19it/s][A

 21%|██        | 20/95 [00:02<00:10,  7.35it/s][A

 22%|██▏       | 21/95 [00:02<00:11,  6.30it/s][A

 23%|██▎       | 22/95 [00:03<00:11,  6.19it/s][A

 24%|██▍       | 23/95 [00:03<00:10,  6.65it/s][A

 25%|██▌       | 24/95 [00:03<00:10,  6.89it/s][A

 26%|██▋       | 25/95 [00:03<00:09,  7.11it/s][A

 27%|██▋       | 26/95 [00:03<00:09,  7.31it/s][A

 28%|██▊       | 27/95 [00:03<00:09,  7.46it/s][A

 29%|██▉       | 28/95 [00:03<00:08,  7.56it/s][A

 31%|███       | 29/95 [00:03<00:08,  7.72it/s][A

 32%|███▏      | 30/95 [00:04<00:08,  7.86it/s][A

 33%|███▎      | 31/95 [00:04<00:08,  7.96it/s][A

 34%|███▎      | 32/95 [00:04<00:07,  7.92it/s][A

 35%|███▍      | 33/95 [00:04<00:08,  7.51it/s][A

 36%|███▌      | 34/95 [00:04<00:08,  7.54it/s][A

 37%|███▋      | 35/95 [00:04<00:08,  7.24it/s][A

 38%|███▊      | 36/95 [00:04<00:08,  7.21it/s][A

 39%|███▉      | 37/95 [00:05<00:07,  7.32it/s][A

 40%|████      | 38/95 [00:05<00:07,  7.52it/s][A

 41%|████      | 39/95 [00:05<00:07,  7.59it/s][A

 42%|████▏     | 40/95 [00:05<00:07,  7.61it/s][A

 43%|████▎     | 41/95 [00:05<00:06,  7.74it/s][A

 44%|████▍     | 42/95 [00:05<00:06,  7.72it/s][A

 45%|████▌     | 43/95 [00:05<00:06,  7.81it/s][A

 46%|████▋     | 44/95 [00:05<00:06,  7.76it/s][A

 47%|████▋     | 45/95 [00:06<00:06,  7.71it/s][A

 48%|████▊     | 46/95 [00:06<00:06,  7.68it/s][A

 49%|████▉     | 47/95 [00:06<00:06,  7.60it/s][A

 51%|█████     | 48/95 [00:06<00:06,  7.25it/s][A

 52%|█████▏    | 49/95 [00:06<00:06,  7.36it/s][A

 53%|█████▎    | 50/95 [00:06<00:05,  7.59it/s][A

 54%|█████▎    | 51/95 [00:06<00:05,  7.63it/s][A

 55%|█████▍    | 52/95 [00:07<00:05,  7.24it/s][A

 56%|█████▌    | 53/95 [00:07<00:05,  7.25it/s][A

 57%|█████▋    | 54/95 [00:07<00:05,  7.08it/s][A

 58%|█████▊    | 55/95 [00:07<00:05,  7.22it/s][A

 59%|█████▉    | 56/95 [00:07<00:05,  7.01it/s][A

 60%|██████    | 57/95 [00:07<00:05,  6.76it/s][A

 61%|██████    | 58/95 [00:07<00:05,  6.85it/s][A

 62%|██████▏   | 59/95 [00:08<00:05,  6.99it/s][A

 63%|██████▎   | 60/95 [00:08<00:04,  7.17it/s][A

 64%|██████▍   | 61/95 [00:08<00:04,  7.34it/s][A

 65%|██████▌   | 62/95 [00:08<00:04,  7.44it/s][A

 66%|██████▋   | 63/95 [00:08<00:04,  7.50it/s][A

 67%|██████▋   | 64/95 [00:08<00:04,  7.22it/s][A

 68%|██████▊   | 65/95 [00:08<00:04,  7.26it/s][A

 69%|██████▉   | 66/95 [00:08<00:03,  7.42it/s][A

 71%|███████   | 67/95 [00:09<00:03,  7.52it/s][A

 72%|███████▏  | 68/95 [00:09<00:03,  7.55it/s][A

 73%|███████▎  | 69/95 [00:09<00:04,  5.98it/s][A

 74%|███████▎  | 70/95 [00:09<00:04,  5.87it/s][A

 75%|███████▍  | 71/95 [00:09<00:03,  6.30it/s][A

 76%|███████▌  | 72/95 [00:09<00:03,  6.73it/s][A

 77%|███████▋  | 73/95 [00:10<00:03,  7.11it/s][A

 78%|███████▊  | 74/95 [00:10<00:02,  7.32it/s][A

 79%|███████▉  | 75/95 [00:10<00:02,  7.43it/s][A

 80%|████████  | 76/95 [00:10<00:02,  7.52it/s][A

 81%|████████  | 77/95 [00:10<00:02,  7.24it/s][A

 82%|████████▏ | 78/95 [00:10<00:02,  7.28it/s][A

 83%|████████▎ | 79/95 [00:10<00:02,  7.05it/s][A

 84%|████████▍ | 80/95 [00:10<00:02,  7.09it/s][A

 85%|████████▌ | 81/95 [00:11<00:01,  7.22it/s][A

 86%|████████▋ | 82/95 [00:11<00:01,  6.88it/s][A

 87%|████████▋ | 83/95 [00:11<00:01,  6.87it/s][A

 88%|████████▊ | 84/95 [00:11<00:01,  6.81it/s][A

 89%|████████▉ | 85/95 [00:11<00:01,  6.95it/s][A

 91%|█████████ | 86/95 [00:11<00:01,  6.84it/s][A

 92%|█████████▏| 87/95 [00:12<00:01,  6.91it/s][A

 93%|█████████▎| 88/95 [00:12<00:00,  7.06it/s][A

 94%|█████████▎| 89/95 [00:12<00:00,  7.32it/s][A

 95%|█████████▍| 90/95 [00:12<00:00,  7.11it/s][A

 96%|█████████▌| 91/95 [00:12<00:00,  7.16it/s][A

 97%|█████████▋| 92/95 [00:12<00:00,  7.27it/s][A

 98%|█████████▊| 93/95 [00:12<00:00,  7.32it/s][A

 99%|█████████▉| 94/95 [00:12<00:00,  7.43it/s][A

100%|██████████| 95/95 [00:13<00:00,  7.33it/s][A
                                                

                                               
[A
 44%|████▍     | 50/114 [12:12<15:19, 14.37s/it]

100%|██████████| 95/95 [00:13<00:00,  7.33it/s][A

                                               [A
 45%|████▍     | 51/114 [12:26<19:13, 18.31s/it]
 46%|████▌     | 52/114 [12:40<17:36, 17.05s/it]
 46%|████▋     | 53/114 [12:54<16:26, 16.18s/it]
 47%|████▋     | 54/114 [13:09<15:39, 15.65s/it]
 48%|████▊     | 55/114 [13:23<14:56, 15.20s/it]
 49%|████▉     | 56/114 [13:38<14:37, 15.13s/it]
 50%|█████     | 57/114 [13:49<13:15, 13.95s/it]{'eval_loss': '0.295', 'eval_runtime': '13.31', 'eval_samples_per_second': '7.135', 'eval_steps_per_second': '7.135', 'epoch': '0.8811'}

 51%|█████     | 58/114 [14:04<13:10, 14.11s/it]
 52%|█████▏    | 59/114 [14:18<13:06, 14.29s/it]
 53%|█████▎    | 60/114 [14:33<12:52, 14.31s/it]
                                                

 53%|█████▎    | 60/114 [14:33<12:52, 14.31s/it]
 54%|█████▎    | 61/114 [14:47<12:34, 14.24s/it]
 54%|█████▍    | 62/114 [15:01<12:29, 14.41s/it]
 55%|█████▌    | 63/114 [15:16<12:12, 14.36s/it]
 56%|█████▌    | 64/114 [15:30<11:54, 14.29s/it]
 57%|█████▋    | 65/114 [15:45<11:45, 14.41s/it]
 58%|█████▊    | 66/114 [15:59<11:34, 14.47s/it]
 59%|█████▉    | 67/114 [16:13<11:09, 14.24s/it]
 60%|█████▉    | 68/114 [16:27<10:56, 14.28s/it]
 61%|██████    | 69/114 [16:42<10:43, 14.30s/it]
 61%|██████▏   | 70/114 [16:56<10:26, 14.25s/it]
                                                

 61%|██████▏   | 70/114 [16:56<10:26, 14.25s/it]
 62%|██████▏   | 71/114 [17:10<10:14, 14.30s/it]
 63%|██████▎   | 72/114 [17:24<09:57, 14.24s/it]
 64%|██████▍   | 73/114 [17:38<09:42, 14.21s/it]
 65%|██████▍   | 74/114 [17:53<09:31, 14.29s/it]
 66%|██████▌   | 75/114 [18:07<09:16, 14.26s/it]
 67%|██████▋   | 76/114 [18:21<09:01, 14.25s/it]
 68%|██████▊   | 77/114 [18:36<08:49, 14.30s/it]
 68%|██████▊   | 78/114 [18:50<08:31, 14.20s/it]
 69%|██████▉   | 79/114 [19:04<08:19, 14.27s/it]
 70%|███████   | 80/114 [19:18<08:02, 14.20s/it]
                                                

 70%|███████   | 80/114 [19:18<08:02, 14.20s/it]
 71%|███████   | 81/114 [19:32<07:49, 14.24s/it]
 72%|███████▏  | 82/114 [19:47<07:42, 14.44s/it]
 73%|███████▎  | 83/114 [20:01<07:24, 14.34s/it]
 74%|███████▎  | 84/114 [20:16<07:11, 14.39s/it]
 75%|███████▍  | 85/114 [20:31<06:58, 14.44s/it]
 75%|███████▌  | 86/114 [20:45<06:42, 14.37s/it]
 76%|███████▋  | 87/114 [20:59<06:25, 14.28s/it]
 77%|███████▋  | 88/114 [21:13<06:11, 14.29s/it]
 78%|███████▊  | 89/114 [21:28<05:59, 14.37s/it]
 79%|███████▉  | 90/114 [21:42<05:43, 14.29s/it]
                                                

 79%|███████▉  | 90/114 [21:42<05:43, 14.29s/it]
 80%|███████▉  | 91/114 [21:57<05:33, 14.48s/it]
 81%|████████  | 92/114 [22:11<05:15, 14.34s/it]
 82%|████████▏ | 93/114 [22:25<05:01, 14.34s/it]
 82%|████████▏ | 94/114 [22:39<04:46, 14.30s/it]
 83%|████████▎ | 95/114 [22:53<04:30, 14.26s/it]
 84%|████████▍ | 96/114 [23:08<04:18, 14.35s/it]
 85%|████████▌ | 97/114 [23:22<04:01, 14.21s/it]
 86%|████████▌ | 98/114 [23:37<03:51, 14.46s/it]
 87%|████████▋ | 99/114 [23:51<03:36, 14.46s/it]
 88%|████████▊ | 100/114 [24:07<03:25, 14.69s/it]
                                                 

 88%|████████▊ | 100/114 [24:07<03:25, 14.69s/it]{'loss': '14.2', 'grad_norm': '110.3', 'learning_rate': '2.43e-05', 'epoch': '1.053'}
{'loss': '10.69', 'grad_norm': '118.7', 'learning_rate': '1.741e-05', 'epoch': '1.229'}
{'loss': '10.71', 'grad_norm': '203.6', 'learning_rate': '1.111e-05', 'epoch': '1.405'}
{'loss': '10.75', 'grad_norm': '212.4', 'learning_rate': '5.899e-06', 'epoch': '1.581'}
{'loss': '10.77', 'grad_norm': '153', 'learning_rate': '2.18e-06', 'epoch': '1.758'}


  0%|          | 0/95 [00:00<?, ?it/s][A

  2%|▏         | 2/95 [00:00<00:05, 16.10it/s][A

  4%|▍         | 4/95 [00:00<00:09,  9.74it/s][A

  6%|▋         | 6/95 [00:00<00:10,  8.64it/s][A

  7%|▋         | 7/95 [00:00<00:13,  6.71it/s][A

  8%|▊         | 8/95 [00:01<00:13,  6.31it/s][A

  9%|▉         | 9/95 [00:01<00:12,  6.72it/s][A

 11%|█         | 10/95 [00:01<00:12,  6.96it/s][A

 12%|█▏        | 11/95 [00:01<00:11,  7.22it/s][A

 13%|█▎        | 12/95 [00:01<00:11,  7.23it/s][A

 14%|█▎        | 13/95 [00:01<00:11,  7.35it/s][A

 15%|█▍        | 14/95 [00:01<00:11,  7.10it/s][A

 16%|█▌        | 15/95 [00:02<00:11,  7.14it/s][A

 17%|█▋        | 16/95 [00:02<00:10,  7.32it/s][A

 18%|█▊        | 17/95 [00:02<00:10,  7.45it/s][A

 19%|█▉        | 18/95 [00:02<00:10,  7.18it/s][A

 20%|██        | 19/95 [00:02<00:10,  7.20it/s][A

 21%|██        | 20/95 [00:02<00:10,  7.35it/s][A

 22%|██▏       | 21/95 [00:02<00:11,  6.30it/s][A

 23%|██▎       | 22/95 [00:03<00:11,  6.19it/s][A

 24%|██▍       | 23/95 [00:03<00:10,  6.65it/s][A

 25%|██▌       | 24/95 [00:03<00:10,  6.89it/s][A

 26%|██▋       | 25/95 [00:03<00:09,  7.10it/s][A

 27%|██▋       | 26/95 [00:03<00:09,  7.31it/s][A

 28%|██▊       | 27/95 [00:03<00:09,  7.46it/s][A

 29%|██▉       | 28/95 [00:03<00:08,  7.56it/s][A

 31%|███       | 29/95 [00:03<00:08,  7.71it/s][A

 32%|███▏      | 30/95 [00:04<00:08,  7.86it/s][A

 33%|███▎      | 31/95 [00:04<00:08,  7.96it/s][A

 34%|███▎      | 32/95 [00:04<00:07,  7.92it/s][A

 35%|███▍      | 33/95 [00:04<00:08,  7.51it/s][A

 36%|███▌      | 34/95 [00:04<00:08,  7.53it/s][A

 37%|███▋      | 35/95 [00:04<00:08,  7.24it/s][A

 38%|███▊      | 36/95 [00:04<00:08,  7.20it/s][A

 39%|███▉      | 37/95 [00:05<00:07,  7.32it/s][A

 40%|████      | 38/95 [00:05<00:07,  7.52it/s][A

 41%|████      | 39/95 [00:05<00:07,  7.59it/s][A

 42%|████▏     | 40/95 [00:05<00:07,  7.62it/s][A

 43%|████▎     | 41/95 [00:05<00:06,  7.74it/s][A

 44%|████▍     | 42/95 [00:05<00:06,  7.74it/s][A

 45%|████▌     | 43/95 [00:05<00:06,  7.83it/s][A

 46%|████▋     | 44/95 [00:05<00:06,  7.77it/s][A

 47%|████▋     | 45/95 [00:06<00:06,  7.72it/s][A

 48%|████▊     | 46/95 [00:06<00:06,  7.70it/s][A

 49%|████▉     | 47/95 [00:06<00:06,  7.62it/s][A

 51%|█████     | 48/95 [00:06<00:06,  7.27it/s][A

 52%|█████▏    | 49/95 [00:06<00:06,  7.37it/s][A

 53%|█████▎    | 50/95 [00:06<00:05,  7.61it/s][A

 54%|█████▎    | 51/95 [00:06<00:05,  7.65it/s][A

 55%|█████▍    | 52/95 [00:07<00:05,  7.27it/s][A

 56%|█████▌    | 53/95 [00:07<00:05,  7.27it/s][A

 57%|█████▋    | 54/95 [00:07<00:05,  7.10it/s][A

 58%|█████▊    | 55/95 [00:07<00:05,  7.23it/s][A

 59%|█████▉    | 56/95 [00:07<00:05,  7.02it/s][A

 60%|██████    | 57/95 [00:07<00:05,  6.78it/s][A

 61%|██████    | 58/95 [00:07<00:05,  6.86it/s][A

 62%|██████▏   | 59/95 [00:08<00:05,  6.99it/s][A

 63%|██████▎   | 60/95 [00:08<00:04,  7.17it/s][A

 64%|██████▍   | 61/95 [00:08<00:04,  7.35it/s][A

 65%|██████▌   | 62/95 [00:08<00:04,  7.44it/s][A

 66%|██████▋   | 63/95 [00:08<00:04,  7.50it/s][A

 67%|██████▋   | 64/95 [00:08<00:04,  7.22it/s][A

 68%|██████▊   | 65/95 [00:08<00:04,  7.26it/s][A

 69%|██████▉   | 66/95 [00:08<00:03,  7.42it/s][A

 71%|███████   | 67/95 [00:09<00:03,  7.53it/s][A

 72%|███████▏  | 68/95 [00:09<00:03,  7.56it/s][A

 73%|███████▎  | 69/95 [00:09<00:04,  5.98it/s][A

 74%|███████▎  | 70/95 [00:09<00:04,  5.87it/s][A

 75%|███████▍  | 71/95 [00:09<00:03,  6.30it/s][A

 76%|███████▌  | 72/95 [00:09<00:03,  6.73it/s][A

 77%|███████▋  | 73/95 [00:10<00:03,  7.11it/s][A

 78%|███████▊  | 74/95 [00:10<00:02,  7.31it/s][A

 79%|███████▉  | 75/95 [00:10<00:02,  7.43it/s][A

 80%|████████  | 76/95 [00:10<00:02,  7.52it/s][A

 81%|████████  | 77/95 [00:10<00:02,  7.25it/s][A

 82%|████████▏ | 78/95 [00:10<00:02,  7.28it/s][A

 83%|████████▎ | 79/95 [00:10<00:02,  7.06it/s][A

 84%|████████▍ | 80/95 [00:10<00:02,  7.10it/s][A

 85%|████████▌ | 81/95 [00:11<00:01,  7.23it/s][A

 86%|████████▋ | 82/95 [00:11<00:01,  6.89it/s][A

 87%|████████▋ | 83/95 [00:11<00:01,  6.88it/s][A

 88%|████████▊ | 84/95 [00:11<00:01,  6.81it/s][A

 89%|████████▉ | 85/95 [00:11<00:01,  6.95it/s][A

 91%|█████████ | 86/95 [00:11<00:01,  6.84it/s][A

 92%|█████████▏| 87/95 [00:12<00:01,  6.91it/s][A

 93%|█████████▎| 88/95 [00:12<00:00,  7.06it/s][A

 94%|█████████▎| 89/95 [00:12<00:00,  7.32it/s][A

 95%|█████████▍| 90/95 [00:12<00:00,  7.11it/s][A

 96%|█████████▌| 91/95 [00:12<00:00,  7.16it/s][A

 97%|█████████▋| 92/95 [00:12<00:00,  7.27it/s][A

 98%|█████████▊| 93/95 [00:12<00:00,  7.32it/s][A

 99%|█████████▉| 94/95 [00:12<00:00,  7.43it/s][A

100%|██████████| 95/95 [00:13<00:00,  7.28it/s][A
                                                 

                                               
[A
 88%|████████▊ | 100/114 [24:20<03:25, 14.69s/it]

100%|██████████| 95/95 [00:13<00:00,  7.28it/s][A

                                               [A
 89%|████████▊ | 101/114 [24:34<04:00, 18.51s/it]
 89%|████████▉ | 102/114 [24:49<03:28, 17.38s/it]
 90%|█████████ | 103/114 [25:03<02:59, 16.35s/it]
 91%|█████████ | 104/114 [25:18<02:38, 15.89s/it]
 92%|█████████▏| 105/114 [25:33<02:21, 15.73s/it]
 93%|█████████▎| 106/114 [25:47<02:02, 15.27s/it]
 94%|█████████▍| 107/114 [26:02<01:47, 15.30s/it]
 95%|█████████▍| 108/114 [26:16<01:29, 14.89s/it]
 96%|█████████▌| 109/114 [26:31<01:13, 14.70s/it]{'eval_loss': '0.2647', 'eval_runtime': '13.29', 'eval_samples_per_second': '7.149', 'eval_steps_per_second': '7.149', 'epoch': '1.758'}
Traceback (most recent call last):
  File "/home/auditor/Edward/lora/train_lora.py", line 192, in <module>
    main()
  File "/home/auditor/Edward/lora/train_lora.py", line 180, in main
    trainer.train()
  File "/home/auditor/scoring-service/.venv/lib/python3.12/site-packages/transformers/trainer.py", line 1520, in train
    return inner_training_loop(
           ^^^^^^^^^^^^^^^^^^^^
  File "/home/auditor/scoring-service/.venv/lib/python3.12/site-packages/transformers/trainer.py", line 1602, in _inner_training_loop
    self._run_epoch(
  File "/home/auditor/scoring-service/.venv/lib/python3.12/site-packages/transformers/trainer.py", line 1842, in _run_epoch
    tr_loss_step = self.training_step(model, inputs, num_items_in_batch)
                   ^^^^^^^^^^^^^^^^^^^^^^^^^^^^^^^^^^^^^^^^^^^^^^^^^^^^^
  File "/home/auditor/scoring-service/.venv/lib/python3.12/site-packages/transformers/trainer.py", line 2044, in training_step
    self.accelerator.backward(loss, **kwargs)
  File "/home/auditor/scoring-service/.venv/lib/python3.12/site-packages/accelerate/accelerator.py", line 2852, in backward
    loss.backward(**kwargs)
  File "/home/auditor/scoring-service/.venv/lib/python3.12/site-packages/torch/_tensor.py", line 630, in backward
    torch.autograd.backward(
  File "/home/auditor/scoring-service/.venv/lib/python3.12/site-packages/torch/autograd/__init__.py", line 364, in backward
    _engine_run_backward(
  File "/home/auditor/scoring-service/.venv/lib/python3.12/site-packages/torch/autograd/graph.py", line 865, in _engine_run_backward
    return Variable._execution_engine.run_backward(  # Calls into the C++ engine to run the backward pass
           ^^^^^^^^^^^^^^^^^^^^^^^^^^^^^^^^^^^^^^^^^^^^^^^^^^^^^^^^^^^^^^^^^^^^^^^^^^^^^^^^^^^^^^^^^^^^^^
torch.AcceleratorError: CUDA error: an illegal instruction was encountered
Search for `cudaErrorIllegalInstruction' in https://docs.nvidia.com/cuda/cuda-runtime-api/group__CUDART__TYPES.html for more information.
CUDA kernel errors might be asynchronously reported at some other API call, so the stacktrace below might be incorrect.
For debugging consider passing CUDA_LAUNCH_BLOCKING=1
Compile with `TORCH_USE_CUDA_DSA` to enable device-side assertions.


 96%|█████████▌| 109/114 [26:32<01:13, 14.61s/it]
[transformers] `torch_dtype` is deprecated! Use `dtype` instead!

Loading weights:   0%|          | 0/426 [00:00<?, ?it/s]
Loading weights: 100%|██████████| 426/426 [00:00<00:00, 19746.63it/s]
[transformers] The tokenizer has new PAD/BOS/EOS tokens that differ from the model config and generation config. The model config and generation config were aligned accordingly, being updated with the tokenizer's values. Updated tokens: {'eos_token_id': 248046, 'pad_token_id': 248044}.
trainable params: 21,233,664 || all params: 4,226,984,960 || trainable%: 0.5023

  0%|          | 0/114 [00:00<?, ?it/s]
 89%|████████▊ | 101/114 [00:14<00:01,  7.09it/s]
 89%|████████▉ | 102/114 [00:28<00:04,  2.93it/s]
 90%|█████████ | 103/114 [00:42<00:06,  1.66it/s]
 91%|█████████ | 104/114 [00:57<00:09,  1.01it/s]
 92%|█████████▏| 105/114 [01:12<00:13,  1.52s/it]
 93%|█████████▎| 106/114 [01:26<00:17,  2.16s/it]
 94%|█████████▍| 107/114 [01:42<00:21,  3.05s/it]
 95%|█████████▍| 108/114 [01:55<00:24,  4.00s/it]
 96%|█████████▌| 109/114 [02:10<00:25,  5.14s/it]
 96%|█████████▋| 110/114 [02:24<00:25,  6.41s/it]
                                                 

 96%|█████████▋| 110/114 [02:24<00:25,  6.41s/it]
 97%|█████████▋| 111/114 [02:39<00:23,  7.75s/it]
 98%|█████████▊| 112/114 [02:53<00:17,  8.98s/it]
 99%|█████████▉| 113/114 [03:07<00:10, 10.14s/it]
100%|██████████| 114/114 [03:19<00:00, 10.40s/it]{'loss': '9.372', 'grad_norm': '165.6', 'learning_rate': '2.455e-07', 'epoch': '1.934'}


  0%|          | 0/95 [00:00<?, ?it/s][A

  2%|▏         | 2/95 [00:00<00:05, 16.16it/s][A

  4%|▍         | 4/95 [00:00<00:09,  9.74it/s][A

  6%|▋         | 6/95 [00:00<00:10,  8.62it/s][A

  7%|▋         | 7/95 [00:00<00:13,  6.70it/s][A

  8%|▊         | 8/95 [00:01<00:13,  6.30it/s][A

  9%|▉         | 9/95 [00:01<00:12,  6.71it/s][A

 11%|█         | 10/95 [00:01<00:12,  6.95it/s][A

 12%|█▏        | 11/95 [00:01<00:11,  7.21it/s][A

 13%|█▎        | 12/95 [00:01<00:11,  7.23it/s][A

 14%|█▎        | 13/95 [00:01<00:11,  7.34it/s][A

 15%|█▍        | 14/95 [00:01<00:11,  7.09it/s][A

 16%|█▌        | 15/95 [00:02<00:11,  7.15it/s][A

 17%|█▋        | 16/95 [00:02<00:10,  7.33it/s][A

 18%|█▊        | 17/95 [00:02<00:10,  7.45it/s][A

 19%|█▉        | 18/95 [00:02<00:10,  7.17it/s][A

 20%|██        | 19/95 [00:02<00:10,  7.19it/s][A

 21%|██        | 20/95 [00:02<00:10,  7.34it/s][A

 22%|██▏       | 21/95 [00:02<00:11,  6.29it/s][A

 23%|██▎       | 22/95 [00:03<00:11,  6.18it/s][A

 24%|██▍       | 23/95 [00:03<00:10,  6.64it/s][A

 25%|██▌       | 24/95 [00:03<00:10,  6.89it/s][A

 26%|██▋       | 25/95 [00:03<00:09,  7.10it/s][A

 27%|██▋       | 26/95 [00:03<00:09,  7.31it/s][A

 28%|██▊       | 27/95 [00:03<00:09,  7.45it/s][A

 29%|██▉       | 28/95 [00:03<00:08,  7.55it/s][A

 31%|███       | 29/95 [00:03<00:08,  7.71it/s][A

 32%|███▏      | 30/95 [00:04<00:08,  7.85it/s][A

 33%|███▎      | 31/95 [00:04<00:08,  7.95it/s][A

 34%|███▎      | 32/95 [00:04<00:07,  7.92it/s][A

 35%|███▍      | 33/95 [00:04<00:08,  7.51it/s][A

 36%|███▌      | 34/95 [00:04<00:08,  7.54it/s][A

 37%|███▋      | 35/95 [00:04<00:08,  7.23it/s][A

 38%|███▊      | 36/95 [00:04<00:08,  7.20it/s][A

 39%|███▉      | 37/95 [00:05<00:07,  7.31it/s][A

 40%|████      | 38/95 [00:05<00:07,  7.53it/s][A

 41%|████      | 39/95 [00:05<00:07,  7.59it/s][A

 42%|████▏     | 40/95 [00:05<00:07,  7.61it/s][A

 43%|████▎     | 41/95 [00:05<00:06,  7.74it/s][A

 44%|████▍     | 42/95 [00:05<00:06,  7.73it/s][A

 45%|████▌     | 43/95 [00:05<00:06,  7.82it/s][A

 46%|████▋     | 44/95 [00:05<00:06,  7.76it/s][A

 47%|████▋     | 45/95 [00:06<00:06,  7.71it/s][A

 48%|████▊     | 46/95 [00:06<00:06,  7.70it/s][A

 49%|████▉     | 47/95 [00:06<00:06,  7.61it/s][A

 51%|█████     | 48/95 [00:06<00:06,  7.27it/s][A

 52%|█████▏    | 49/95 [00:06<00:06,  7.37it/s][A

 53%|█████▎    | 50/95 [00:06<00:05,  7.61it/s][A

 54%|█████▎    | 51/95 [00:06<00:05,  7.64it/s][A

 55%|█████▍    | 52/95 [00:07<00:05,  7.25it/s][A

 56%|█████▌    | 53/95 [00:07<00:05,  7.26it/s][A

 57%|█████▋    | 54/95 [00:07<00:05,  7.09it/s][A

 58%|█████▊    | 55/95 [00:07<00:05,  7.21it/s][A

 59%|█████▉    | 56/95 [00:07<00:05,  7.00it/s][A

 60%|██████    | 57/95 [00:07<00:05,  6.77it/s][A

 61%|██████    | 58/95 [00:07<00:05,  6.84it/s][A

 62%|██████▏   | 59/95 [00:08<00:05,  6.97it/s][A

 63%|██████▎   | 60/95 [00:08<00:04,  7.16it/s][A

 64%|██████▍   | 61/95 [00:08<00:04,  7.34it/s][A

 65%|██████▌   | 62/95 [00:08<00:04,  7.43it/s][A

 66%|██████▋   | 63/95 [00:08<00:04,  7.50it/s][A

 67%|██████▋   | 64/95 [00:08<00:04,  7.22it/s][A

 68%|██████▊   | 65/95 [00:08<00:04,  7.26it/s][A

 69%|██████▉   | 66/95 [00:08<00:03,  7.41it/s][A

 71%|███████   | 67/95 [00:09<00:03,  7.51it/s][A

 72%|███████▏  | 68/95 [00:09<00:03,  7.54it/s][A

 73%|███████▎  | 69/95 [00:09<00:04,  5.98it/s][A

 74%|███████▎  | 70/95 [00:09<00:04,  5.86it/s][A

 75%|███████▍  | 71/95 [00:09<00:03,  6.29it/s][A

 76%|███████▌  | 72/95 [00:09<00:03,  6.72it/s][A

 77%|███████▋  | 73/95 [00:10<00:03,  7.10it/s][A

 78%|███████▊  | 74/95 [00:10<00:02,  7.31it/s][A

 79%|███████▉  | 75/95 [00:10<00:02,  7.43it/s][A

 80%|████████  | 76/95 [00:10<00:02,  7.52it/s][A

 81%|████████  | 77/95 [00:10<00:02,  7.24it/s][A

 82%|████████▏ | 78/95 [00:10<00:02,  7.28it/s][A

 83%|████████▎ | 79/95 [00:10<00:02,  7.06it/s][A

 84%|████████▍ | 80/95 [00:11<00:02,  7.09it/s][A

 85%|████████▌ | 81/95 [00:11<00:01,  7.23it/s][A

 86%|████████▋ | 82/95 [00:11<00:01,  6.89it/s][A

 87%|████████▋ | 83/95 [00:11<00:01,  6.88it/s][A

 88%|████████▊ | 84/95 [00:11<00:01,  6.81it/s][A

 89%|████████▉ | 85/95 [00:11<00:01,  6.95it/s][A

 91%|█████████ | 86/95 [00:11<00:01,  6.84it/s][A

 92%|█████████▏| 87/95 [00:12<00:01,  6.90it/s][A

 93%|█████████▎| 88/95 [00:12<00:00,  7.05it/s][A

 94%|█████████▎| 89/95 [00:12<00:00,  7.30it/s][A

 95%|█████████▍| 90/95 [00:12<00:00,  7.10it/s][A

 96%|█████████▌| 91/95 [00:12<00:00,  7.15it/s][A

 97%|█████████▋| 92/95 [00:12<00:00,  7.27it/s][A

 98%|█████████▊| 93/95 [00:12<00:00,  7.32it/s][A

 99%|█████████▉| 94/95 [00:12<00:00,  7.43it/s][A

100%|██████████| 95/95 [00:13<00:00,  7.30it/s][A
                                                 

                                               
[A
100%|██████████| 114/114 [03:32<00:00, 10.40s/it]

100%|██████████| 95/95 [00:13<00:00,  7.30it/s][A

                                               [A
                                                 

100%|██████████| 114/114 [03:32<00:00, 10.40s/it]
100%|██████████| 114/114 [03:32<00:00,  1.86s/it]
{'eval_loss': '0.2603', 'eval_runtime': '13.29', 'eval_samples_per_second': '7.149', 'eval_steps_per_second': '7.149', 'epoch': '2'}
{'train_runtime': '212.5', 'train_samples_per_second': '17.09', 'train_steps_per_second': '0.537', 'train_loss': '1.215', 'epoch': '2'}

Writing model shards:   0%|          | 0/1 [00:00<?, ?it/s]
Writing model shards: 100%|██████████| 1/1 [00:10<00:00, 10.01s/it]
Writing model shards: 100%|██████████| 1/1 [00:10<00:00, 10.01s/it]
adapter at lora/out/edward-scorer-lora-v2; merged model at lora/out/edward-scorer-lora-v2/merged
